2026-09-04 11:35:32,588 [INFO] Starting ETL execution for: July, Aug, Sept 2026 Raw.xlsx
2026-09-04 11:35:32,589 [INFO] Reading Excel sheet 'Raw'...
2026-09-04 11:35:40,681 [INFO] Loaded 152542 records from sheet.
2026-09-04 11:35:40,681 [INFO] Validating and normalizing extracted dataframe...
2026-09-04 11:35:42,127 [WARNING] Discarded 360 invalid or in-file duplicate rows.
2026-09-04 11:35:42,198 [INFO] Created temporary staging table.
2026-09-04 11:35:42,198 [INFO] Pushing 152182 records to staging in batches...
2026-09-04 11:36:05,755 [INFO] Executing atomic ON DUPLICATE KEY UPDATE...
2026-09-04 11:36:11,556 [INFO] ETL completed successfully in 38.97 seconds.
2026-09-04 11:40:21,566 [INFO] Starting ETL execution for: July, Aug, Sept 2026 Raw.xlsx
2026-09-04 11:40:21,566 [INFO] Reading Excel sheet 'Raw'...
2026-09-04 11:40:29,612 [INFO] Loaded 153804 records from sheet.
2026-09-04 11:40:29,612 [INFO] Validating and normalizing extracted dataframe...
2026-09-04 11:40:31,073 [WARNING] Discarded 306 invalid or in-file duplicate rows.
2026-09-04 11:40:31,181 [INFO] Created temporary staging table.
2026-09-04 11:40:31,181 [INFO] Pushing 153498 records to staging in batches...
2026-09-04 11:40:56,103 [INFO] Executing atomic ON DUPLICATE KEY UPDATE...
2026-09-04 11:40:59,598 [INFO] ETL completed successfully in 38.03 seconds.
2026-09-04 12:08:45,034 [INFO] Starting ETL execution for: July, Aug, Sept 2026 Raw.xlsx
2026-09-04 12:08:45,034 [INFO] Reading Excel sheet 'Raw'...
2026-09-04 12:09:15,811 [INFO] Starting ETL execution for: July, Aug, Sept 2026 Raw.xlsx
2026-09-04 12:09:15,811 [INFO] Reading Excel sheet 'Raw'...
2026-09-04 12:09:23,390 [INFO] Starting ETL execution for: July, Aug, Sept 2026 Raw.xlsx
2026-09-04 12:09:23,390 [INFO] Reading Excel sheet 'Raw'...
2026-09-04 15:56:37,540 [INFO] Starting ETL execution for: July, Aug, Sept 2026 Raw.xlsx
2026-09-04 15:56:37,541 [INFO] Reading Excel sheet 'Raw'...
2026-09-04 15:56:45,545 [INFO] Loaded 153804 records from sheet.
2026-09-04 15:56:45,546 [INFO] Validating and normalizing extracted dataframe...
2026-09-04 15:56:46,821 [WARNING] Discarded 306 invalid or in-file duplicate rows.
2026-09-04 15:56:46,922 [INFO] Created temporary staging table.
2026-09-04 15:56:46,922 [INFO] Pushing 153498 records to staging in batches...
2026-09-04 15:57:10,960 [INFO] Executing atomic ON DUPLICATE KEY UPDATE...
2026-09-04 15:57:13,904 [INFO] ETL completed successfully in 36.36 seconds.
